// Jest Snapshot v1, https://goo.gl/fbAQLP

exports[`Dashboard Component display element should render dashboard 1`] = `
<div
  className="page"
>
  <div
    className="page-body-full"
  >
    <div
      className="page-body-label"
    >
      dashboard
    </div>
    <div
      className="page-body-full"
    >
      <div
        className="table-frame"
      >
        <div
          className="table-div"
        >
          <table
            className="table"
          >
            <thead>
              <tr>
                <th
                  className="scoreboard-header"
                >
                  player
                </th>
                <th
                  className="header"
                >
                  points
                </th>
                <th
                  className="header"
                >
                  next bet
                </th>
              </tr>
            </thead>
            <tbody />
          </table>
        </div>
      </div>
    </div>
    <div
      className="dashboard-host-panel"
    >
      <div>
        <div
          className="page-body-label"
        >
          add new player
        </div>
        <h4>
          No players available
        </h4>
      </div>
      <div>
        <div
          className="page-body-label"
        >
          add next match
        </div>
        <form
          className="form-complex"
        >
          <label
            htmlFor="goalsHomeTeam"
          >
            home team:
            <input
              id="goalsHomeTeam"
              onChange={[Function]}
              type="text"
              value=""
            />
          </label>
          <label
            htmlFor="goalsAwayTeam"
          >
            away team:
            <input
              id="goalsAwayTeam"
              onChange={[Function]}
              type="text"
              value=""
            />
          </label>
          <label
            htmlFor="eventDate"
          >
            event date:
            <input
              id="eventDate"
              onChange={[Function]}
              type="date"
              value="2021-02-23"
            />
          </label>
          <label
            htmlFor="eventTime"
          >
            event time:
            <input
              id="eventTime"
              onChange={[Function]}
              type="time"
              value="18:00"
            />
          </label>
          <button
            className="form-complex-button"
            onClick={[Function]}
            type="button"
          >
            <svg
              className="icon"
              fill="none"
              stroke="currentColor"
              viewBox="0 0 24 24"
              xmlns="http://www.w3.org/2000/svg"
            >
              <path
                d="M9 5l7 7-7 7"
                strokeLinecap="round"
                strokeLinejoin="round"
                strokeWidth={2}
              />
            </svg>
          </button>
        </form>
      </div>
    </div>
    <div
      className="page-body-full"
    >
      <div>
        <div
          className="page-body-label"
        >
          last match
        </div>
        <div
          className="table-frame"
        >
          <div
            className="table-div"
          >
            <table
              className="table"
            >
              <thead>
                <tr>
                  <th
                    className="header"
                  >
                    Home
                  </th>
                  <th
                    className="header"
                  >
                    2020-12-17
                  </th>
                  <th
                    className="header"
                  >
                    18:00
                  </th>
                  <th
                    className="header"
                  >
                    Away
                  </th>
                </tr>
              </thead>
              <tbody>
                <tr>
                  <td
                    className="match-row"
                  >
                    <div
                      className="match-home-team-row"
                    >
                      <div
                        className="match-team-icon"
                      >
                        <img
                          alt=""
                          className="icon-img"
                          src="https://upload.wikimedia.org/wikipedia/en/8/8f/Slask_Wroclaw_crest.png"
                        />
                      </div>
                      <div
                        className="match-home-team-row-name"
                      >
                        <p
                          className="match-home-team-row-name-p"
                        >
                          Śląsk Wrocław
                        </p>
                      </div>
                    </div>
                  </td>
                  <td
                    className="match-table-result-row"
                  >
                    <p
                      className="match-result-p"
                    >
                      2
                    </p>
                  </td>
                  <td
                    className="match-table-result-row"
                  >
                    <p
                      className="match-result-p"
                    >
                      1
                    </p>
                  </td>
                  <td
                    className="match-row"
                  >
                    <div
                      className="match-away-team-row"
                    >
                      <div
                        className="match-away-team-row-name"
                      >
                        <p
                          className="match-away-team-row-name-p"
                        >
                          Warta Poznań
                        </p>
                      </div>
                      <div
                        className="match-team-icon"
                      >
                        <img
                          alt=""
                          className=".icon-img"
                          src="https://upload.wikimedia.org/wikipedia/en/8/8f/Slask_Wroclaw_crest.png"
                        />
                      </div>
                    </div>
                  </td>
                </tr>
              </tbody>
            </table>
          </div>
        </div>
      </div>
    </div>
    <div
      className="page-body-full"
    >
      <div>
        <div
          className="page-body-label"
        >
          next match
        </div>
        <div
          className="table-frame"
        >
          <div
            className="table-div"
          >
            <table
              className="table"
            >
              <thead>
                <tr>
                  <th
                    className="header"
                  >
                    Home
                  </th>
                  <th
                    className="header"
                  >
                    2021-02-01
                  </th>
                  <th
                    className="header"
                  >
                    18:00
                  </th>
                  <th
                    className="header"
                  >
                    Away
                  </th>
                </tr>
              </thead>
              <tbody>
                <tr>
                  <td
                    className="match-row"
                  >
                    <div
                      className="match-home-team-row"
                    >
                      <div
                        className="match-team-icon"
                      >
                        <img
                          alt=""
                          className="icon-img"
                          src="https://upload.wikimedia.org/wikipedia/en/8/8f/Slask_Wroclaw_crest.png"
                        />
                      </div>
                      <div
                        className="match-home-team-row-name"
                      >
                        <p
                          className="match-home-team-row-name-p"
                        >
                          Stal Mielec
                        </p>
                      </div>
                    </div>
                  </td>
                  <td
                    className="match-table-result-row"
                  >
                    <p
                      className="match-result-p"
                    >
                      ?
                    </p>
                  </td>
                  <td
                    className="match-table-result-row"
                  >
                    <p
                      className="match-result-p"
                    >
                      ?
                    </p>
                  </td>
                  <td
                    className="match-row"
                  >
                    <div
                      className="match-away-team-row"
                    >
                      <div
                        className="match-away-team-row-name"
                      >
                        <p
                          className="match-away-team-row-name-p"
                        >
                          Śląsk Wrocław
                        </p>
                      </div>
                      <div
                        className="match-team-icon"
                      >
                        <img
                          alt=""
                          className=".icon-img"
                          src="https://upload.wikimedia.org/wikipedia/en/8/8f/Slask_Wroclaw_crest.png"
                        />
                      </div>
                    </div>
                  </td>
                </tr>
              </tbody>
            </table>
          </div>
        </div>
      </div>
      <div>
        <form>
          <label
            htmlFor="goalsHomeTeam"
          >
            home team goals:
            <input
              id="goalsHomeTeam"
              max={9}
              min={0}
              onChange={[Function]}
              type="number"
              value={0}
            />
          </label>
          <label
            htmlFor="goalsAwayTeam"
          >
            away team goals:
            <input
              id="goalsAwayTeam"
              max={9}
              min={0}
              onChange={[Function]}
              type="number"
              value={0}
            />
          </label>
          <button
            disabled={false}
            onClick={[Function]}
            type="button"
          >
            update match!
          </button>
        </form>
      </div>
      <div>
        <form>
          <label
            htmlFor="goalsHomeTeam"
          >
            Stal Mielec
            <input
              id="goalsHomeTeam"
              max={9}
              min={0}
              onChange={[Function]}
              type="number"
              value={0}
            />
          </label>
          <label
            htmlFor="goalsAwayTeam"
          >
            Śląsk Wrocław
            <input
              id="goalsAwayTeam"
              max={9}
              min={0}
              onChange={[Function]}
              type="number"
              value={0}
            />
          </label>
          <button
            disabled={true}
            onClick={[Function]}
            type="button"
          >
            bet this match!
          </button>
        </form>
      </div>
    </div>
  </div>
</div>
`;
